
> elite-agents@1.0.0 build
> vite build

[36mvite v5.4.21 [32mbuilding for production...[36m[39m
transforming...
[32mÔ£ô[39m 18 modules transformed.
node.exe : [31mx[39m Build 
failed in 731ms
At line:1 char:1
+ & "C:\Program 
Files\nodejs/node.exe" 
"C:\Program 
Files\nodejs/node_mo ...
+ ~~~~~~~~~~~~~~~~~~~~~~~~~~~
~~~~~~~~~~~~~~~~~~~~~~~~~~~~~
~~~~~~~~~~~~~
    + CategoryInfo           
   : NotSpecified: ([31mx  
  [39m Build failed in 731   
 ms:String) [], RemoteExc    
eption
    + FullyQualifiedErrorId  
   : NativeCommandError
 
[31merror during build:
[31m[vite:esbuild] 
Transform failed with 1 
error:
C:/Users/moza4/Smart Employee
s/src/components/InterviewRoo
m.jsx:257:38: ERROR: Syntax 
error "`"[31m
file: 
[36mC:/Users/moza4/Smart Emp
loyees/src/components/Intervi
ewRoom.jsx:257:38[31m
[33m
[33mSyntax error "`"[33m
255|                         
 {
256|                         
     role: 'agent',
257|                         
     content: \`ÔÜá´©Å 
\${creditResult.error}\`,
   |                         
               ^
258|                         
     timestamp: new Date(),
259|                         
 }
[31m
    at failureErrorWithLog 
(C:\Users\moza4\Smart Employe
es\node_modules\esbuild\lib\m
ain.js:1472:15)
    at C:\Users\moza4\Smart E
mployees\node_modules\esbuild
\lib\main.js:755:50
    at 
responseCallbacks.<computed> 
(C:\Users\moza4\Smart Employe
es\node_modules\esbuild\lib\m
ain.js:622:9)
    at handleIncomingPacket 
(C:\Users\moza4\Smart Employe
es\node_modules\esbuild\lib\m
ain.js:677:12)
    at Socket.readFromStdout 
(C:\Users\moza4\Smart Employe
es\node_modules\esbuild\lib\m
ain.js:600:7)
    at Socket.emit 
(node:events:519:28)
    at addChunk (node:interna
l/streams/readable:561:12)
    at 
readableAddChunkPushByteMode 
(node:internal/streams/readab
le:512:3)
    at Readable.push (node:in
ternal/streams/readable:392:5
)
    at Pipe.onStreamRead (nod
e:internal/stream_base_common
s:189:23)[39m
